0
1
1
2
3
5
8
13
21
34
55
89
144
233
377
610
0
1
1
2
3
5
8
13
21
34
55
89
144
233
377
610
0
0
1
1
2
4
7
13
24
44
81
149
274
504
927
1705
