1
1
3628800
3628800
2432902008176640000
2432902008176640000
